[minasimoveis.com.br/index.html]
[backblue.gif]
[fade.gif]
[index.html]
[minasimoveis.com.br/favicon.ico]
[minasimoveis.com.br/css/bootstrap.min.css]
[minasimoveis.com.br/lib/css/nivo-slider.css]
[minasimoveis.com.br/css/core.css]
[minasimoveis.com.br/css/shortcode/shortcodes.css]
[minasimoveis.com.br/Content/css/site/styleba02.css]
[minasimoveis.com.br/Content/css/site/site-styleba02.css]
[minasimoveis.com.br/css/responsiveba02.css]
[minasimoveis.com.br/css/color/color-core.css]
[minasimoveis.com.br/css/customba02.css]
[minasimoveis.com.br/js/vendor/jquery-3.1.1.min.js]
[minasimoveis.com.br/js/vendor/modernizr-2.8.3.min.js]
[egoi.site/1331382_imoveis.minasimoveis.com.br.d.delayed]
[connect.facebook.net/en_US/fbevents.js]
[minasimoveis.com.br/Home/Index.html]
[minasimoveis.com.br/images/minas-imoveis/Logo-Minas_retangular.png]
[minasimoveis.com.br/QuemSomos/Index.html]
[minasimoveis.com.br/Downloads/Index.html]
[minasimoveis.com.br/Blog/Posts/Index.html]
[minasimoveis.com.br/Contato/Index.html]
[minasimoveis.com.br/Detalhe/Imovel/3817.html]
[cdn.imoview.com.br/minasimoveis/Imoveis/3817/lcdldg-img-20250323-wa0084-174277594707d8.jpg]
[minasimoveis.com.br/images/icons/4.png]
[minasimoveis.com.br/images/icons/5.png]
[minasimoveis.com.br/images/icons/6.png]
[minasimoveis.com.br/Detalhe/Imovel/2412.html]
[cdn.imoview.com.br/minasimoveis/Imoveis/2412/j20gt-20250113-144239-1736798909bdf6.jpg]
[minasimoveis.com.br/Detalhe/Imovel/2382.html]
[cdn.imoview.com.br/minasimoveis/Imoveis/2382/5mppr-cb1-173099927858b3.jpg]
[minasimoveis.com.br/Detalhe/Imovel/2334.html]
[cdn.imoview.com.br/minasimoveis/Imoveis/2334/5jjvi-2-1724519826da80.jpg]
[minasimoveis.com.br/Detalhe/Imovel/3842.html]
[cdn.imoview.com.br/minasimoveis/Imoveis/3842/gbgtr-img-4902-1745338231c5f0.jpg]
[minasimoveis.com.br/Detalhe/Imovel/1893.html]
[cdn.imoview.com.br/minasimoveis/Imoveis/1893/gourl-img-3886-1737062362c2fe.jpg]
[minasimoveis.com.br/Detalhe/Imovel/2400.html]
[cdn.imoview.com.br/minasimoveis/Imoveis/2400/zqdjwh-whatsapp-image-2024-12-08-at-155505-3-173368471630f0.jpg]
[minasimoveis.com.br/Detalhe/Imovel/3704.html]
[cdn.imoview.com.br/minasimoveis/Imoveis/3704/l5be4h-h9fvpv-1742223009d9e1.jpg]
[minasimoveis.com.br/Detalhe/Imovel/3851.html]
[cdn.imoview.com.br/minasimoveis/Imoveis/3851/hpegk-img-20250505-wa0038-174655349233e2.jpg]
[minasimoveis.com.br/Detalhe/Imovel/2402.html]
[cdn.imoview.com.br/minasimoveis/Imoveis/2402/ojf7of-img-20241213-wa0025-1734104245c265.jpg]
[minasimoveis.com.br/Detalhe/Imovel/2337.html]
[cdn.imoview.com.br/minasimoveis/Imoveis/2337/0jgbkh-2021-07-18-1724964122b962.jpg]
[minasimoveis.com.br/Detalhe/Imovel/3849.html]
[cdn.imoview.com.br/minasimoveis/Imoveis/3849/94r7e-2uhucy-1746474084bd7a.jpg]
[minasimoveis.com.br/Scripts/app/site/Portal/Homeba02.js]
[minasimoveis.com.br/images/icons/location-2.png]
[minasimoveis.com.br/images/icons/phone-3.png]
[minasimoveis.com.br/js/bootstrap.min.js]
[minasimoveis.com.br/lib/js/jquery.nivo.slider.js]
[minasimoveis.com.br/js/plugins.js]
[minasimoveis.com.br/Scripts/toastr.js]
[minasimoveis.com.br/Scripts/plugins/mask/jquery.mask.js]
[minasimoveis.com.br/Scripts/app/masterba02.js]
[minasimoveis.com.br/Scripts/app/utilba02.js]
[minasimoveis.com.br/js/mainba02.js]
[minasimoveis.com.br/Scripts/app/site/Portal/WidgetWhatsappba02.js]
[minasimoveis.com.br/index.html]
[minasimoveis.com.br/fonts/glyphicons-halflings-regular.woff2]
[minasimoveis.com.br/fonts/glyphicons-halflings-regular.woff]
[minasimoveis.com.br/fonts/glyphicons-halflings-regular.ttf]
[minasimoveis.com.br/css/bootstrap.min.css]
[minasimoveis.com.br/lib/css/nivo-slider.css]
[minasimoveis.com.br/css/montserrat.css]
[minasimoveis.com.br/Content/fontawesome.min.css]
[minasimoveis.com.br/Content/all.css]
[minasimoveis.com.br/Content/toastr.css]
[minasimoveis.com.br/css/plugins/animate.css]
[minasimoveis.com.br/css/plugins/jquery-ui.min.css]
[minasimoveis.com.br/css/plugins/bootstrap-select.css]
[minasimoveis.com.br/css/plugins/meanmenu.min.css]
[minasimoveis.com.br/css/plugins/slick.css]
[minasimoveis.com.br/css/plugins/lightbox.min.css]
[minasimoveis.com.br/css/plugins/jquery.mb.YTPlayer.min.css]
[minasimoveis.com.br/css/plugins/textanimate.css]
[minasimoveis.com.br/css/shortcode/default.css]
[minasimoveis.com.br/css/core.css]
[minasimoveis.com.br/css/shortcode/header.css]
[minasimoveis.com.br/css/shortcode/slider.css]
[minasimoveis.com.br/css/shortcode/footer.css]
[minasimoveis.com.br/css/shortcode/shortcodes.css]
[minasimoveis.com.br/images/others/features.jpg]
[minasimoveis.com.br/images/bg/5.jpg]
[minasimoveis.com.br/images/minas-imoveis/background-contact-qr.png]
[minasimoveis.com.br/Content/css/site/styleba02.css]
[minasimoveis.com.br/images/gif/Preloader_3.gif]
[minasimoveis.com.br/images/minas-imoveis/banner-1.jpg]
[minasimoveis.com.br/images/minas-imoveis/banner-4.jpg]
[minasimoveis.com.br/images/minas-imoveis/search_and_logo_opaca2.jpg]
[minasimoveis.com.br/Content/css/site/site-styleba02.css]
[minasimoveis.com.br/images/minas-imoveis/background-contact-qr-mobile.png]
[minasimoveis.com.br/css/responsiveba02.css]
[minasimoveis.com.br/css/color/skin-default.css]
[minasimoveis.com.br/css/color/color-core.css]
[minasimoveis.com.br/css/customba02.css]
[www.googletagmanager.com/gtm5445.html]
[egoi.site/1331382_imoveis.minasimoveis.com.br.html]
[connect.facebook.net/en_US/fbevents.js]
[minasimoveis.com.br/Detalhe/Imovel/1506.html]
[cdn.imoview.com.br/minasimoveis/Imoveis/1506/imovel_1865_2263649cc.jpg]
[minasimoveis.com.br/Detalhe/Imovel/2316.html]
[cdn.imoview.com.br/minasimoveis/Imoveis/2316/i5sc7-whatsapp-image-2024-08-06-at-134926-11-1722963341e683.jpg]
[minasimoveis.com.br/Home/Index.html]
[minasimoveis.com.br/images/minas-imoveis/banner-3.jpg]
[minasimoveis.com.br/QuemSomos/Index.html]
[minasimoveis.com.br/Blog/Posts/Detalhe/6.html]
[minasimoveis.com.br/Blog/Posts/Detalhe/5.html]
[minasimoveis.com.br/Blog/Posts/Index.html]
[minasimoveis.com.br/Blog/Posts/Detalhe/4.html]
[minasimoveis.com.br/Blog/Posts/Detalhe/3.html]
[minasimoveis.com.br/Home.html]
[minasimoveis.com.br/Downloads.html]
[minasimoveis.com.br/Downloads/SalvarArquivo/4]
[minasimoveis.com.br/Downloads/SalvarArquivo/5]
[minasimoveis.com.br/Downloads/SalvarArquivo/6]
[minasimoveis.com.br/Scripts/app/site/Portal/Downloadsba02.js]
[minasimoveis.com.br/Downloads/Index.html]
[minasimoveis.com.br/Contato.html]
[minasimoveis.com.br/images/icons/world.png]
[minasimoveis.com.br/Contato/Index.html]
[minasimoveis.com.br/ArquivosTemp/FotosThumb/lcdldg-img-20250323-wa0084-1742775947.jpg]
[cdn.imoview.com.br/minasimoveis/Imoveis/3817/8ylz0f-img-20250323-wa0060-174277594807d8.jpg]
[cdn.imoview.com.br/minasimoveis/Imoveis/3817/rzp47-img-20250323-wa0078-174277594807d8.jpg]
[cdn.imoview.com.br/minasimoveis/Imoveis/3817/23ytnf-img-20250323-wa0056-174277594807d8.jpg]
[cdn.imoview.com.br/minasimoveis/Imoveis/3817/zyhd0l-img-20250323-wa0082-174277594907d8.jpg]
[cdn.imoview.com.br/minasimoveis/Imoveis/3817/79xec-img-20250323-wa0064-174277594907d8.jpg]
[cdn.imoview.com.br/minasimoveis/Imoveis/3817/kq4y2-img-20250323-wa0048-174277594907d8.jpg]
[cdn.imoview.com.br/minasimoveis/Imoveis/3817/fcjuv-img-20250323-wa0052-174277594907d8.jpg]
[cdn.imoview.com.br/minasimoveis/Imoveis/3817/c9hru-img-20250323-wa0041-174277595007d8.jpg]
[cdn.imoview.com.br/minasimoveis/Imoveis/3817/57su-img-20250323-wa0050-174277595007d8.jpg]
[cdn.imoview.com.br/minasimoveis/Imoveis/3817/pkazk-img-20250323-wa0094-174277595007d8.jpg]
[cdn.imoview.com.br/minasimoveis/Imoveis/3817/cmdh8-img-20250323-wa0072-174277595107d8.jpg]
[cdn.imoview.com.br/minasimoveis/Imoveis/3817/kd1ndk-img-20250323-wa0063-174277595107d8.jpg]
[cdn.imoview.com.br/minasimoveis/Imoveis/3817/oml4zh-img-20250323-wa0066-174277595107d8.jpg]
[cdn.imoview.com.br/minasimoveis/Imoveis/3817/ya6ns-img-20250323-wa0085-174277595107d8.jpg]
[cdn.imoview.com.br/minasimoveis/Imoveis/3817/ypd0f-img-20250323-wa0076-174277595207d8.jpg]
[cdn.imoview.com.br/minasimoveis/Imoveis/3817/6f5k3h-img-20250323-wa0055-174277595207d8.jpg]
[cdn.imoview.com.br/minasimoveis/Imoveis/3817/5lhe-img-20250323-wa0099-174277595207d8.jpg]
[cdn.imoview.com.br/minasimoveis/Imoveis/3817/liis-img-20250323-wa0097-174277595207d8.jpg]
[cdn.imoview.com.br/minasimoveis/Imoveis/3817/49rb3-img-20250323-wa0100-174277595307d8.jpg]
[cdn.imoview.com.br/minasimoveis/Imoveis/3817/ccbcv-img-20250323-wa0101-174277595307d8.jpg]
[cdn.imoview.com.br/minasimoveis/Imoveis/3817/d7my3-img-20250323-wa0042-174277595307d8.jpg]
[cdn.imoview.com.br/minasimoveis/Imoveis/3817/65dnd-img-20250323-wa0047-174277595407d8.jpg]
[cdn.imoview.com.br/minasimoveis/Imoveis/3817/4kajvh-img-20250323-wa0103-174277595407d8.jpg]
[cdn.imoview.com.br/minasimoveis/Imoveis/3817/oehhw-img-20250323-wa0104-174277595407d8.jpg]
[cdn.imoview.com.br/minasimoveis/Imoveis/3817/uzrz5-img-20250323-wa0092-174277595407d8.jpg]
[cdn.imoview.com.br/minasimoveis/Imoveis/3817/h8jap-img-20250323-wa0091-174277595507d8.jpg]
[cdn.imoview.com.br/minasimoveis/Imoveis/3817/lisp1k-img-20250323-wa0046-174277595507d8.jpg]
[cdn.imoview.com.br/minasimoveis/Imoveis/3817/f78yz-img-20250323-wa0095-174277595507d8.jpg]
[cdn.imoview.com.br/minasimoveis/Imoveis/3817/0rumb-img-20250323-wa0080-174277595507d8.jpg]
[minasimoveis.com.br/Detalhe/Imovel/3319.html]
[cdn.imoview.com.br/minasimoveis/Imoveis/3229/k2ff3-img25-1738255115a7c2.jpg]
[minasimoveis.com.br/Scripts/app/site/Portal/Imovelba02.js]
[minasimoveis.com.br/Detalhe/Imovel/3817.html]
[minasimoveis.com.br/ArquivosTemp/FotosThumb/j20gt-20250113-144239-1736798909.jpg]
[minasimoveis.com.br/detalhe/imovel/2412-2.html]
[cdn.imoview.com.br/minasimoveis/Imoveis/2412/q7unuk-20250113-144156-1736798910bdf6.jpg]
[cdn.imoview.com.br/minasimoveis/Imoveis/2412/hv6xai-20250113-144257-1736798910bdf6.jpg]
[cdn.imoview.com.br/minasimoveis/Imoveis/2412/b2nkt-20250113-144224-1736798910bdf6.jpg]
[cdn.imoview.com.br/minasimoveis/Imoveis/2412/b12a5-20250113-144213-1736798911bdf6.jpg]
[cdn.imoview.com.br/minasimoveis/Imoveis/2412/doge7l-20250113-144117-1736798911bdf6.jpg]
[cdn.imoview.com.br/minasimoveis/Imoveis/2412/nybzo-20250113-144821-1736798911bdf6.jpg]
[cdn.imoview.com.br/minasimoveis/Imoveis/2412/q9cbf-20250113-144025-1736798911bdf6.jpg]
[cdn.imoview.com.br/minasimoveis/Imoveis/2412/xs66k-20250113-144416-1736798912bdf6.jpg]
[cdn.imoview.com.br/minasimoveis/Imoveis/2412/3evsi-20250113-144319-1736798912bdf6.jpg]
[cdn.imoview.com.br/minasimoveis/Imoveis/2412/t16pa-20250113-144349-1736798912bdf6.jpg]
[cdn.imoview.com.br/minasimoveis/Imoveis/2412/t2zfb-20250113-144340-1736798913bdf6.jpg]
[cdn.imoview.com.br/minasimoveis/Imoveis/2412/fhihe-20250113-144501-1736798913bdf6.jpg]
[cdn.imoview.com.br/minasimoveis/Imoveis/2412/a92yo-20250113-144603-1736798914bdf6.jpg]
[cdn.imoview.com.br/minasimoveis/Imoveis/2412/ixxi2-20250113-144423-1736798914bdf6.jpg]
[cdn.imoview.com.br/minasimoveis/Imoveis/2412/hxwx5-20250113-144617-1736798914bdf6.jpg]
[cdn.imoview.com.br/minasimoveis/Imoveis/2412/mkfjo-20250113-144651-1736798915bdf6.jpg]
[cdn.imoview.com.br/minasimoveis/Imoveis/2412/r4fny-20250113-144739-1736798915bdf6.jpg]
[cdn.imoview.com.br/minasimoveis/Imoveis/2412/tmyux-20250113-144700-1736798915bdf6.jpg]
[cdn.imoview.com.br/minasimoveis/Imoveis/2412/tmyic-20250113-145842-1736798916bdf6.jpg]
[cdn.imoview.com.br/minasimoveis/Imoveis/2412/66ana-screenshot-20250114-132317-chrome-1736872490bdf6.jpg]
[cdn.imoview.com.br/minasimoveis/Imoveis/2412/hujdh-screenshot-20250114-132252-chrome-1736872490bdf6.jpg]
[cdn.imoview.com.br/minasimoveis/Imoveis/2412/0nk17-screenshot-20250114-132257-chrome-1736872490bdf6.jpg]
[cdn.imoview.com.br/minasimoveis/Imoveis/2412/k0ybs-20250113-145957-1736798916bdf6.jpg]
[cdn.imoview.com.br/minasimoveis/Imoveis/2412/65euu-20250113-145937-1736798918bdf6.jpg]
[cdn.imoview.com.br/minasimoveis/Imoveis/2412/7z91yl-20250113-150002-1736798918bdf6.jpg]
[cdn.imoview.com.br/minasimoveis/Imoveis/2412/vwd7o-20250113-150010-1736798918bdf6.jpg]
[cdn.imoview.com.br/minasimoveis/Imoveis/2412/ow1j4j-20250114-132414-1736872490bdf6.jpg]
[minasimoveis.com.br/Detalhe/Imovel/3306.html]
[minasimoveis.com.br/Detalhe/Imovel/3154.html]
[cdn.imoview.com.br/minasimoveis/Imoveis/3052/0a0bace9-4f24-4f6a-958d-c7baaacf3931-17380444622b1f.jpg]
[minasimoveis.com.br/Detalhe/Imovel/2412.html]
[minasimoveis.com.br/ArquivosTemp/FotosThumb/5mppr-cb1-1730999278.jpg]
[cdn.imoview.com.br/minasimoveis/Imoveis/2382/4s8se-cb2-173099927858b3.jpg]
[cdn.imoview.com.br/minasimoveis/Imoveis/2382/u3j1b-cb3-173099927958b3.jpg]
[cdn.imoview.com.br/minasimoveis/Imoveis/2382/1h698-cb4-173099927958b3.jpg]
[cdn.imoview.com.br/minasimoveis/Imoveis/2382/7ch1g-cb5-173099927958b3.jpg]
[cdn.imoview.com.br/minasimoveis/Imoveis/2382/nzzb9-cb6-173099928058b3.jpg]
[cdn.imoview.com.br/minasimoveis/Imoveis/2382/78gli-cb7-173099928058b3.jpg]
[cdn.imoview.com.br/minasimoveis/Imoveis/2382/89g0e-cb8-173099928058b3.jpg]
[cdn.imoview.com.br/minasimoveis/Imoveis/2382/lgbhh-cb9-173099928158b3.jpg]
[cdn.imoview.com.br/minasimoveis/Imoveis/2382/ov4j4g-cb10-173099928158b3.jpg]
[cdn.imoview.com.br/minasimoveis/Imoveis/2382/o2bku-cb11-173099928158b3.jpg]
[cdn.imoview.com.br/minasimoveis/Imoveis/2382/akm9g-cb12-173099928258b3.jpg]
[cdn.imoview.com.br/minasimoveis/Imoveis/2382/fxitn-cb13-173099928258b3.jpg]
[cdn.imoview.com.br/minasimoveis/Imoveis/2382/qlr9o-cb14-173099928258b3.jpg]
[cdn.imoview.com.br/minasimoveis/Imoveis/2382/xvreij-cb15-173099928358b3.jpg]
[cdn.imoview.com.br/minasimoveis/Imoveis/2382/nrer8-cb16-173099928358b3.jpg]
[cdn.imoview.com.br/minasimoveis/Imoveis/2382/tassm-cb17-173099928358b3.jpg]
[cdn.imoview.com.br/minasimoveis/Imoveis/2382/fm39gl-cb18-173099928458b3.jpg]
[cdn.imoview.com.br/minasimoveis/Imoveis/2382/oln3th-cb19-173099928458b3.jpg]
[cdn.imoview.com.br/minasimoveis/Imoveis/2382/uut9n-cb20-173099928458b3.jpg]
[cdn.imoview.com.br/minasimoveis/Imoveis/2382/ggatt-cb21-173099928558b3.jpg]
[cdn.imoview.com.br/minasimoveis/Imoveis/2382/mdicyh-cb22-173099928558b3.jpg]
[cdn.imoview.com.br/minasimoveis/Imoveis/2382/bisk9i-cb23-173099928658b3.jpg]
[cdn.imoview.com.br/minasimoveis/Imoveis/2382/s3mw-cb24-173099928658b3.jpg]
[cdn.imoview.com.br/minasimoveis/Imoveis/2382/33psgf-cb25-173099928658b3.jpg]
[cdn.imoview.com.br/minasimoveis/Imoveis/2382/wm6f5-cb29-173099928658b3.jpg]
[cdn.imoview.com.br/minasimoveis/Imoveis/2382/1ovb2-cb30-173099928758b3.jpg]
[cdn.imoview.com.br/minasimoveis/Imoveis/2382/gt01k-cb27-173099928758b3.jpg]
[cdn.imoview.com.br/minasimoveis/Imoveis/2382/jdjbc-cb28-173099928758b3.jpg]
[cdn.imoview.com.br/minasimoveis/Imoveis/2382/hwb85-cb31-173099928858b3.jpg]
[minasimoveis.com.br/Detalhe/Imovel/2382.html]
[minasimoveis.com.br/ArquivosTemp/FotosThumb/5jjvi-2-1724519826.jpg]
[cdn.imoview.com.br/minasimoveis/Imoveis/2334/hydxu-1-1724519826da80.jpg]
[cdn.imoview.com.br/minasimoveis/Imoveis/2334/5w5z8-17-1724519826da80.jpg]
[cdn.imoview.com.br/minasimoveis/Imoveis/2334/zuy24-16-1724519826da80.jpg]
[cdn.imoview.com.br/minasimoveis/Imoveis/2334/k9pyv-14-1724519826da80.jpg]
[cdn.imoview.com.br/minasimoveis/Imoveis/2334/l9r5jk-13-1724519826da80.jpg]
[cdn.imoview.com.br/minasimoveis/Imoveis/2334/oqfqj-12-1724519826da80.jpg]
[cdn.imoview.com.br/minasimoveis/Imoveis/2334/ci5gu-11-1724519826da80.jpg]
[cdn.imoview.com.br/minasimoveis/Imoveis/2334/whyj2-10-1724519826da80.jpg]
[cdn.imoview.com.br/minasimoveis/Imoveis/2334/ucja-9-1724519826da80.jpg]
[cdn.imoview.com.br/minasimoveis/Imoveis/2334/oci49-4-1724519826da80.jpg]
[cdn.imoview.com.br/minasimoveis/Imoveis/2334/cxzdb-3-1724519826da80.jpg]
[cdn.imoview.com.br/minasimoveis/Imoveis/2334/w1c58l-6-1724519826da80.jpg]
[cdn.imoview.com.br/minasimoveis/Imoveis/2334/kbnxb-7-1724519826da80.jpg]
[cdn.imoview.com.br/minasimoveis/Imoveis/2334/6ua35j-8-1724519826da80.jpg]
[cdn.imoview.com.br/minasimoveis/Imoveis/2334/pzfwh-15-1724519826da80.jpg]
[minasimoveis.com.br/Detalhe/Imovel/2334.html]
[minasimoveis.com.br/ArquivosTemp/FotosThumb/gbgtr-img-4902-1745338231.jpg]
[cdn.imoview.com.br/minasimoveis/Imoveis/3842/vmhdz-img-4903-1745338232c5f0.jpg]
[cdn.imoview.com.br/minasimoveis/Imoveis/3842/5axmd-img-4893-1745338232c5f0.jpg]
[cdn.imoview.com.br/minasimoveis/Imoveis/3842/wa41g-img-4894-1745338232c5f0.jpg]
[cdn.imoview.com.br/minasimoveis/Imoveis/3842/zlaak-img-4895-1745338233c5f0.jpg]
[cdn.imoview.com.br/minasimoveis/Imoveis/3842/yl59mj-img-4896-1745338233c5f0.jpg]
[cdn.imoview.com.br/minasimoveis/Imoveis/3842/p1m7qh-img-4898-1745338233c5f0.jpg]
[cdn.imoview.com.br/minasimoveis/Imoveis/3842/d1ppj-img-4899-1745338233c5f0.jpg]
[cdn.imoview.com.br/minasimoveis/Imoveis/3842/4bbjo-img-4901-1745338234c5f0.jpg]
[cdn.imoview.com.br/minasimoveis/Imoveis/3842/5s9h6-img-4900-1745338234c5f0.jpg]
[cdn.imoview.com.br/minasimoveis/Imoveis/3842/fvwms-img-4910-1745338234c5f0.jpg]
[cdn.imoview.com.br/minasimoveis/Imoveis/3842/tg042g-img-4904-1745338235c5f0.jpg]
[cdn.imoview.com.br/minasimoveis/Imoveis/3842/qkv7dh-img-4912-1745338235c5f0.jpg]
[cdn.imoview.com.br/minasimoveis/Imoveis/3842/4bgst-img-4907-1745338235c5f0.jpg]
[cdn.imoview.com.br/minasimoveis/Imoveis/3842/9k6fb-img-4911-1745338235c5f0.jpg]
[cdn.imoview.com.br/minasimoveis/Imoveis/3842/7v4sf-img-4908-1745338236c5f0.jpg]
[cdn.imoview.com.br/minasimoveis/Imoveis/3842/rpub4-img-4905-1745338236c5f0.jpg]
[cdn.imoview.com.br/minasimoveis/Imoveis/3842/tcods-img-4916-1745338236c5f0.jpg]
[cdn.imoview.com.br/minasimoveis/Imoveis/3842/qckpf-img-4914-1745338236c5f0.jpg]
[cdn.imoview.com.br/minasimoveis/Imoveis/3842/k24pqh-img-4915-1745338237c5f0.jpg]
[cdn.imoview.com.br/minasimoveis/Imoveis/3842/c910x-img-4909-1745338237c5f0.jpg]
[cdn.imoview.com.br/minasimoveis/Imoveis/3842/1iegt-img-4884-1745338237c5f0.jpg]
[cdn.imoview.com.br/minasimoveis/Imoveis/3842/tbl4l-img-4880-1745338237c5f0.jpg]
[cdn.imoview.com.br/minasimoveis/Imoveis/3842/4i5b9-img-4883-1745338238c5f0.jpg]
[cdn.imoview.com.br/minasimoveis/Imoveis/3842/bj4he-img-4885-1745338238c5f0.jpg]
[cdn.imoview.com.br/minasimoveis/Imoveis/3842/wzjys-img-4886-1745338238c5f0.jpg]
[cdn.imoview.com.br/minasimoveis/Imoveis/3842/ztd8yj-img-4881-1745338239c5f0.jpg]
[cdn.imoview.com.br/minasimoveis/Imoveis/3842/cckrug-img-4888-1745338239c5f0.jpg]
[cdn.imoview.com.br/minasimoveis/Imoveis/3842/r7a8s-img-5401-1745928221c5f0.jpg]
[cdn.imoview.com.br/minasimoveis/Imoveis/3842/6xcnd-img-5403-1745928221c5f0.jpg]
[minasimoveis.com.br/Detalhe/Imovel/3842.html]
[minasimoveis.com.br/ArquivosTemp/FotosThumb/gourl-img-3886-1737062362.jpg]
[cdn.imoview.com.br/minasimoveis/Imoveis/1893/h5pbg-img-3894-1737062362c2fe.jpg]
[cdn.imoview.com.br/minasimoveis/Imoveis/1893/1hsei-unnamed-1-1737062362c2fe.jpg]
[cdn.imoview.com.br/minasimoveis/Imoveis/1893/vejkn-unnamed-1737062363c2fe.jpg]
[cdn.imoview.com.br/minasimoveis/Imoveis/1893/p2a7o-img-3895-1737062363c2fe.jpg]
[cdn.imoview.com.br/minasimoveis/Imoveis/1893/ksjki-img-3884-1737062363c2fe.jpg]
[cdn.imoview.com.br/minasimoveis/Imoveis/1893/ig37f-img-3883-1737062364c2fe.jpg]
[cdn.imoview.com.br/minasimoveis/Imoveis/1893/6huww-img-3893-1737062364c2fe.jpg]
[cdn.imoview.com.br/minasimoveis/Imoveis/1893/jw3cm-img-3891-1737062364c2fe.jpg]
[cdn.imoview.com.br/minasimoveis/Imoveis/1893/gr0j5g-img-3900-1737062365c2fe.jpg]
[cdn.imoview.com.br/minasimoveis/Imoveis/1893/eez0d-img-3898-1737062365c2fe.jpg]
[cdn.imoview.com.br/minasimoveis/Imoveis/1893/b6l85-img-3901-1737062365c2fe.jpg]
[cdn.imoview.com.br/minasimoveis/Imoveis/1893/y0zfl-img-3915-1737062366c2fe.jpg]
[cdn.imoview.com.br/minasimoveis/Imoveis/1893/udgia-img-3910-1737062366c2fe.jpg]
[cdn.imoview.com.br/minasimoveis/Imoveis/1893/fygkd-img-3906-1737062366c2fe.jpg]
[cdn.imoview.com.br/minasimoveis/Imoveis/1893/zmj5h-img-3907-1737062367c2fe.jpg]
[cdn.imoview.com.br/minasimoveis/Imoveis/1893/o98sg-img-4291-1737062367c2fe.jpg]
[cdn.imoview.com.br/minasimoveis/Imoveis/1893/pzge9-img-4300-1737062367c2fe.jpg]
[cdn.imoview.com.br/minasimoveis/Imoveis/1893/cl9g1-img-4301-1737062367c2fe.jpg]
[cdn.imoview.com.br/minasimoveis/Imoveis/1893/k52nq-img-4310-1737062368c2fe.jpg]
[cdn.imoview.com.br/minasimoveis/Imoveis/1893/xzyyt-img-4296-1737062368c2fe.jpg]
[cdn.imoview.com.br/minasimoveis/Imoveis/1893/spi4r-img-4299-1737062368c2fe.jpg]
[cdn.imoview.com.br/minasimoveis/Imoveis/1893/o1w4nh-img-4293-1737062369c2fe.jpg]
[cdn.imoview.com.br/minasimoveis/Imoveis/1893/cwb59-img-4292-1737062369c2fe.jpg]
[cdn.imoview.com.br/minasimoveis/Imoveis/1893/n6ni8-img-4290-1737062369c2fe.jpg]
[minasimoveis.com.br/Detalhe/Imovel/1893.html]
[minasimoveis.com.br/ArquivosTemp/FotosThumb/zqdjwh-whatsapp-image-2024-12-08-at-155505-3-1733684716.jpg]
[cdn.imoview.com.br/minasimoveis/Imoveis/2400/bbfi2-whatsapp-image-2024-12-08-at-155505-8-173368471730f0.jpg]
[cdn.imoview.com.br/minasimoveis/Imoveis/2400/jp8b2-whatsapp-image-2024-12-08-at-155505-6-173368471730f0.jpg]
[cdn.imoview.com.br/minasimoveis/Imoveis/2400/y51qlj-whatsapp-image-2024-12-08-at-155505-7-173368471730f0.jpg]
[cdn.imoview.com.br/minasimoveis/Imoveis/2400/29rmr-whatsapp-image-2024-12-08-at-155505-4-173368471830f0.jpg]
[cdn.imoview.com.br/minasimoveis/Imoveis/2400/3wfcmi-whatsapp-image-2024-12-08-at-155505-9-173368471830f0.jpg]
[cdn.imoview.com.br/minasimoveis/Imoveis/2400/2nttu-whatsapp-image-2024-12-08-at-155505-1-173368471830f0.jpg]
[cdn.imoview.com.br/minasimoveis/Imoveis/2400/niae8-whatsapp-image-2024-12-08-at-155503-173368471830f0.jpg]
[cdn.imoview.com.br/minasimoveis/Imoveis/2400/twsxe-whatsapp-image-2024-12-08-at-155503-1-173368471930f0.jpg]
[cdn.imoview.com.br/minasimoveis/Imoveis/2400/g1d6g-whatsapp-image-2024-12-08-at-155505-173368471930f0.jpg]
[cdn.imoview.com.br/minasimoveis/Imoveis/2400/8xdgx-whatsapp-image-2024-12-08-at-155505-2-173368471930f0.jpg]
[cdn.imoview.com.br/minasimoveis/Imoveis/2400/9ct6d-whatsapp-image-2024-12-08-at-160624-2-173368497530f0.jpg]
[cdn.imoview.com.br/minasimoveis/Imoveis/2400/82w57-whatsapp-image-2024-12-08-at-155505-18-173368471930f0.jpg]
[cdn.imoview.com.br/minasimoveis/Imoveis/2400/h4qj6-whatsapp-image-2024-12-08-at-155505-19-173368472030f0.jpg]
[cdn.imoview.com.br/minasimoveis/Imoveis/2400/0e40x-whatsapp-image-2024-12-08-at-160624-173368497530f0.jpg]
[cdn.imoview.com.br/minasimoveis/Imoveis/2400/mvqey-whatsapp-image-2024-12-08-at-155505-16-173368472030f0.jpg]
[cdn.imoview.com.br/minasimoveis/Imoveis/2400/jsicp-whatsapp-image-2024-12-08-at-155505-15-173368472030f0.jpg]
[cdn.imoview.com.br/minasimoveis/Imoveis/2400/2js1z-whatsapp-image-2024-12-08-at-155505-14-173368472030f0.jpg]
[cdn.imoview.com.br/minasimoveis/Imoveis/2400/hu3it-whatsapp-image-2024-12-08-at-155505-13-173368472130f0.jpg]
[cdn.imoview.com.br/minasimoveis/Imoveis/2400/0fc1nf-whatsapp-image-2024-12-08-at-160624-4-173368497530f0.jpg]
[cdn.imoview.com.br/minasimoveis/Imoveis/2400/6uj6v-whatsapp-image-2024-12-08-at-160624-3-173368497630f0.jpg]
[cdn.imoview.com.br/minasimoveis/Imoveis/2400/20g4t-whatsapp-image-2024-12-08-at-155505-12-173368472130f0.jpg]
[cdn.imoview.com.br/minasimoveis/Imoveis/2400/gkuv9-whatsapp-image-2024-12-08-at-155505-11-173368472130f0.jpg]
[cdn.imoview.com.br/minasimoveis/Imoveis/2400/d9fum-whatsapp-image-2024-12-08-at-155505-10-173368472230f0.jpg]
[cdn.imoview.com.br/minasimoveis/Imoveis/2400/d3siif-whatsapp-image-2024-12-08-at-160624-1-173368497630f0.jpg]
[minasimoveis.com.br/Detalhe/Imovel/2400.html]
[minasimoveis.com.br/ArquivosTemp/FotosThumb/l5be4h-h9fvpv-1742223009.jpg]
[cdn.imoview.com.br/minasimoveis/Imoveis/3704/9vwh0j-x5z0o8-1742223008d9e1.jpg]
[cdn.imoview.com.br/minasimoveis/Imoveis/3704/9xzvd-hllbkq-1742223009d9e1.jpg]
[cdn.imoview.com.br/minasimoveis/Imoveis/3704/3524f-lllx7x-1742223009d9e1.jpg]
[cdn.imoview.com.br/minasimoveis/Imoveis/3704/gib1o-ipjbby-1742223010d9e1.jpg]
[cdn.imoview.com.br/minasimoveis/Imoveis/3704/zpwh8f-zfiw0k-1742223010d9e1.jpg]
[cdn.imoview.com.br/minasimoveis/Imoveis/3704/bgi1w-rn7pdj-1742223010d9e1.jpg]
[cdn.imoview.com.br/minasimoveis/Imoveis/3704/35ie8g-rylfrr-1742223011d9e1.jpg]
[cdn.imoview.com.br/minasimoveis/Imoveis/3704/muuld-ne1i1h-1742223011d9e1.jpg]
[cdn.imoview.com.br/minasimoveis/Imoveis/3704/fa3j9-1j97py-1742223011d9e1.jpg]
[cdn.imoview.com.br/minasimoveis/Imoveis/3704/n6rfu-nmp2zi-1742223012d9e1.jpg]
[cdn.imoview.com.br/minasimoveis/Imoveis/3704/gduph-w0fsmy-1742223012d9e1.jpg]
[cdn.imoview.com.br/minasimoveis/Imoveis/3704/k265v-awdydy-1742223012d9e1.jpg]
[cdn.imoview.com.br/minasimoveis/Imoveis/3704/48dmn-jpsvfe-1742223013d9e1.jpg]
[cdn.imoview.com.br/minasimoveis/Imoveis/3704/1606o-n8v49k-1742223013d9e1.jpg]
[cdn.imoview.com.br/minasimoveis/Imoveis/3704/ehmcx-vuk1rz-1742223013d9e1.jpg]
[cdn.imoview.com.br/minasimoveis/Imoveis/3704/kehvw-uqom1b-1742223008d9e1.jpg]
[minasimoveis.com.br/Detalhe/Imovel/3704.html]
[minasimoveis.com.br/ArquivosTemp/FotosThumb/hpegk-img-20250505-wa0038-1746553492.jpg]
[cdn.imoview.com.br/minasimoveis/Imoveis/3851/cwyyl-img-20250429-wa0050-174655349233e2.jpg]
[cdn.imoview.com.br/minasimoveis/Imoveis/3851/g6xp9h-img-20250429-wa0055-174655349233e2.jpg]
[cdn.imoview.com.br/minasimoveis/Imoveis/3851/nl742i-img-20250505-wa0052-174655349233e2.jpg]
[cdn.imoview.com.br/minasimoveis/Imoveis/3851/f9w05i-img-20250505-wa0069-174655349333e2.jpg]
[cdn.imoview.com.br/minasimoveis/Imoveis/3851/fun5-img-20250505-wa0059-174655349333e2.jpg]
[cdn.imoview.com.br/minasimoveis/Imoveis/3851/a0hcuk-img-20250429-wa0059-174655349333e2.jpg]
[cdn.imoview.com.br/minasimoveis/Imoveis/3851/otfnu-img-20250505-wa0053-174655349433e2.jpg]
[cdn.imoview.com.br/minasimoveis/Imoveis/3851/sr93h-img-20250505-wa0066-174655349433e2.jpg]
[cdn.imoview.com.br/minasimoveis/Imoveis/3851/4vw8b-img-20250505-wa0049-174655349433e2.jpg]
[cdn.imoview.com.br/minasimoveis/Imoveis/3851/ew22v-img-20250505-wa0045-174655349433e2.jpg]
[cdn.imoview.com.br/minasimoveis/Imoveis/3851/s7pyk-img-20250505-wa0074-174655349533e2.jpg]
[cdn.imoview.com.br/minasimoveis/Imoveis/3851/dc5sz-img-20250429-wa0047-174655349533e2.jpg]
[cdn.imoview.com.br/minasimoveis/Imoveis/3851/2dhn4-img-20250429-wa0052-174655349533e2.jpg]
[cdn.imoview.com.br/minasimoveis/Imoveis/3851/tpb99-img-20250429-wa0048-174655349633e2.jpg]
[cdn.imoview.com.br/minasimoveis/Imoveis/3851/0fsvb-img-20250505-wa0039-174655349633e2.jpg]
[cdn.imoview.com.br/minasimoveis/Imoveis/3851/7ktg7-img-20250505-wa0041-174655349633e2.jpg]
[cdn.imoview.com.br/minasimoveis/Imoveis/3851/h1ax0g-img-20250429-wa0046-174655349633e2.jpg]
[cdn.imoview.com.br/minasimoveis/Imoveis/3851/2vo5q-img-20250429-wa0051-174655349733e2.jpg]
[cdn.imoview.com.br/minasimoveis/Imoveis/3851/ltiye-img-20250505-wa0067-174655349733e2.jpg]
[cdn.imoview.com.br/minasimoveis/Imoveis/3851/wc41d-img-20250505-wa0077-174655349733e2.jpg]
[cdn.imoview.com.br/minasimoveis/Imoveis/3851/omcd-img-20250429-wa0058-174655349833e2.jpg]
[cdn.imoview.com.br/minasimoveis/Imoveis/3851/uce9i-img-20250505-wa0064-174655349833e2.jpg]
[cdn.imoview.com.br/minasimoveis/Imoveis/3851/25kfl-img-20250429-wa0053-174655349833e2.jpg]
[cdn.imoview.com.br/minasimoveis/Imoveis/3851/owzqri-img-20250429-wa0057-174655349833e2.jpg]
[cdn.imoview.com.br/minasimoveis/Imoveis/3851/ntdto-img-20250505-wa0078-174655349933e2.jpg]
[cdn.imoview.com.br/minasimoveis/Imoveis/3851/v86xm-img-20250505-wa0080-174655349933e2.jpg]
[cdn.imoview.com.br/minasimoveis/Imoveis/3851/jbl06-img-20250505-wa0073-174655349933e2.jpg]
[cdn.imoview.com.br/minasimoveis/Imoveis/3851/5op63-img-20250429-wa0056-174655350033e2.jpg]
[minasimoveis.com.br/Detalhe/Imovel/3851.html]
[minasimoveis.com.br/ArquivosTemp/FotosThumb/ojf7of-img-20241213-wa0025-1734104245.jpg]
[cdn.imoview.com.br/minasimoveis/Imoveis/2402/i0uv-img-20241213-wa0026-1734104245c265.jpg]
[cdn.imoview.com.br/minasimoveis/Imoveis/2402/2bpbr-img-20241213-wa0009-1734104245c265.jpg]
[cdn.imoview.com.br/minasimoveis/Imoveis/2402/hs5hkg-img-20241213-wa0006-1734104245c265.jpg]
[cdn.imoview.com.br/minasimoveis/Imoveis/2402/nrj4w-img-20241213-wa0017-1734104246c265.jpg]
[cdn.imoview.com.br/minasimoveis/Imoveis/2402/arq4lg-img-20241213-wa0018-1734104246c265.jpg]
[cdn.imoview.com.br/minasimoveis/Imoveis/2402/6c5d6-img-20241213-wa0028-1734104246c265.jpg]
[cdn.imoview.com.br/minasimoveis/Imoveis/2402/ffyjb-img-20241213-wa0004-1734104247c265.jpg]
[cdn.imoview.com.br/minasimoveis/Imoveis/2402/9brcu-img-20241213-wa0003-1734104247c265.jpg]
[cdn.imoview.com.br/minasimoveis/Imoveis/2402/l99i8-img-20241213-wa0014-1734104247c265.jpg]
[cdn.imoview.com.br/minasimoveis/Imoveis/2402/3kklgf-img-20241213-wa0013-1734104247c265.jpg]
[cdn.imoview.com.br/minasimoveis/Imoveis/2402/zzb4m-img-20241213-wa0022-1734104248c265.jpg]
[cdn.imoview.com.br/minasimoveis/Imoveis/2402/g9t11-img-20241213-wa0023-1734104248c265.jpg]
[cdn.imoview.com.br/minasimoveis/Imoveis/2402/rynra-img-20241213-wa0016-1734104248c265.jpg]
[cdn.imoview.com.br/minasimoveis/Imoveis/2402/1wlhh-52050fa702708b8fc6390496a820d70e-1734104248c265.jpg]
[cdn.imoview.com.br/minasimoveis/Imoveis/2402/gplp6-c4414c6bd37961df71ad74e4c655ca93-1734104249c265.jpg]
[cdn.imoview.com.br/minasimoveis/Imoveis/2402/cgc0a-b9e9c8fb97ab7edc7f095768c2a380fd-1734104249c265.jpg]
[cdn.imoview.com.br/minasimoveis/Imoveis/2402/ycd6rf-a5a2f83a28ed6a2084e1c6e6b2215bc4-1734104249c265.jpg]
[minasimoveis.com.br/Detalhe/Imovel/2402.html]
[minasimoveis.com.br/ArquivosTemp/FotosThumb/0jgbkh-2021-07-18-1724964122.jpg]
[cdn.imoview.com.br/minasimoveis/Imoveis/2337/z73xe-img-9358-1724964122b962.png]
[cdn.imoview.com.br/minasimoveis/Imoveis/2337/ro3yf-ae1654d4-0e6f-4341-b087-5d7463ca243a-1724964122b962.jpg]
[cdn.imoview.com.br/minasimoveis/Imoveis/2337/dspek-img-9359-1724964122b962.png]
[cdn.imoview.com.br/minasimoveis/Imoveis/2337/7na50k-c1ff6334-3413-4bef-b0fe-8ab717ecc86b-1724964123b962.jpg]
[cdn.imoview.com.br/minasimoveis/Imoveis/2337/9dqrdg-img-9357-1724964123b962.png]
[cdn.imoview.com.br/minasimoveis/Imoveis/2337/p039n-img-9356-1724964123b962.png]
[cdn.imoview.com.br/minasimoveis/Imoveis/2337/983rr-img-9361-1724964123b962.png]
[cdn.imoview.com.br/minasimoveis/Imoveis/2337/m7q3m-img-9363-1724964123b962.png]
[cdn.imoview.com.br/minasimoveis/Imoveis/2337/a25t3-img-9362-1724964123b962.png]
[cdn.imoview.com.br/minasimoveis/Imoveis/2337/beggv-img-9343-1724964123b962.png]
[cdn.imoview.com.br/minasimoveis/Imoveis/2337/s1sno-img-9347-1724964123b962.png]
[cdn.imoview.com.br/minasimoveis/Imoveis/2337/b5sjt-img-9350-1724964123b962.jpg]
[cdn.imoview.com.br/minasimoveis/Imoveis/2337/69xmb-img-9349-1724964123b962.png]
[cdn.imoview.com.br/minasimoveis/Imoveis/2337/yhb36-img-9353-1724964123b962.png]
[cdn.imoview.com.br/minasimoveis/Imoveis/2337/ub2v6-img-9344-1724964123b962.png]
[cdn.imoview.com.br/minasimoveis/Imoveis/2337/xrfma-img-9345-1724964123b962.png]
[cdn.imoview.com.br/minasimoveis/Imoveis/2337/aappf-img-9354-1724964123b962.png]
[cdn.imoview.com.br/minasimoveis/Imoveis/2337/23iw8j-captura-de-tela-2024-08-29-as-164431-1724964123b962.png]
[cdn.imoview.com.br/minasimoveis/Imoveis/2337/h35et-captura-de-tela-2024-08-29-as-164631-1724964124b962.png]
[cdn.imoview.com.br/minasimoveis/Imoveis/2337/i777y-captura-de-tela-2024-08-29-as-164637-1724964124b962.png]
[cdn.imoview.com.br/minasimoveis/Imoveis/2337/8vdbi-captura-de-tela-2024-08-29-as-164537-1724964124b962.png]
[minasimoveis.com.br/Detalhe/Imovel/3818.html]
[cdn.imoview.com.br/minasimoveis/Imoveis/3035/339257ee-c14d-48c8-8653-3a1996080100-1738044140391d.jpg]
[minasimoveis.com.br/Detalhe/Imovel/3059.html]
[minasimoveis.com.br/Detalhe/Imovel/3149.html]
[minasimoveis.com.br/Detalhe/Imovel/3150.html]
[minasimoveis.com.br/Detalhe/Imovel/2337.html]
[minasimoveis.com.br/ArquivosTemp/FotosThumb/94r7e-2uhucy-1746474084.jpg]
[cdn.imoview.com.br/minasimoveis/Imoveis/3849/s9sfu-8qebnm-1746474085bd7a.jpg]
[cdn.imoview.com.br/minasimoveis/Imoveis/3849/sd40i-3hc5or-1746474085bd7a.jpg]
[cdn.imoview.com.br/minasimoveis/Imoveis/3849/1s6tdl-j5kh2j-1746474085bd7a.jpg]
[cdn.imoview.com.br/minasimoveis/Imoveis/3849/ksgwhl-gcl9uh-1746474086bd7a.jpg]
[cdn.imoview.com.br/minasimoveis/Imoveis/3849/7pho4-dnuy7r-1746474086bd7a.jpg]
[cdn.imoview.com.br/minasimoveis/Imoveis/3849/268s9-piwicr-1746474086bd7a.jpg]
[cdn.imoview.com.br/minasimoveis/Imoveis/3849/wa0ms-7jxits-1746474087bd7a.jpg]
[cdn.imoview.com.br/minasimoveis/Imoveis/3849/so4xe-4wtand-1746474087bd7a.jpg]
[cdn.imoview.com.br/minasimoveis/Imoveis/3849/autag-p7upvn-1746474087bd7a.jpg]
[cdn.imoview.com.br/minasimoveis/Imoveis/3849/gapj4-bwe8sw-1746474087bd7a.jpg]
[cdn.imoview.com.br/minasimoveis/Imoveis/3849/cpw9z-mmxfsk-1746474088bd7a.jpg]
[cdn.imoview.com.br/minasimoveis/Imoveis/3849/ncpm8g-6zpwzp-1746474088bd7a.jpg]
[cdn.imoview.com.br/minasimoveis/Imoveis/3849/1k1wd-og7hsj-1746474088bd7a.jpg]
[cdn.imoview.com.br/minasimoveis/Imoveis/3849/k8qxxi-dii1c3-1746474089bd7a.jpg]
[cdn.imoview.com.br/minasimoveis/Imoveis/3849/mb2af-yxvi41-1746474089bd7a.jpg]
[cdn.imoview.com.br/minasimoveis/Imoveis/3849/dauew-zlfmxn-1746474089bd7a.jpg]
[cdn.imoview.com.br/minasimoveis/Imoveis/3849/62q7h-ariilh-1746474089bd7a.jpg]
[cdn.imoview.com.br/minasimoveis/Imoveis/3849/w3ub3h-vywgfk-1746474090bd7a.jpg]
[cdn.imoview.com.br/minasimoveis/Imoveis/3849/zap3x-yrqowo-1746474090bd7a.jpg]
[cdn.imoview.com.br/minasimoveis/Imoveis/3849/e7hao-h2pqgh-1746474090bd7a.jpg]
[cdn.imoview.com.br/minasimoveis/Imoveis/3849/wc5rm-e0rwyy-1746474090bd7a.jpg]
[cdn.imoview.com.br/minasimoveis/Imoveis/3849/bovrt-0bbchx-1746474091bd7a.jpg]
[cdn.imoview.com.br/minasimoveis/Imoveis/3849/bhnd6-tk2pg6-1746474091bd7a.jpg]
[cdn.imoview.com.br/minasimoveis/Imoveis/3849/jchb-pfryyl-1746474091bd7a.jpg]
[cdn.imoview.com.br/minasimoveis/Imoveis/3849/uexvt-l1zfkx-1746474092bd7a.jpg]
[cdn.imoview.com.br/minasimoveis/Imoveis/3849/vx7rh-fxbfgx-1746474092bd7a.jpg]
[cdn.imoview.com.br/minasimoveis/Imoveis/3849/4d3ym-jseeq3-1746474092bd7a.jpg]
[cdn.imoview.com.br/minasimoveis/Imoveis/3849/8wkd8-cxklgd-1746474092bd7a.jpg]
[minasimoveis.com.br/Detalhe/Imovel/3849.html]
[minasimoveis.com.br/webfonts/montserrat/Montserrat-ExtraBold.eot]
[minasimoveis.com.br/webfonts/montserrat/Montserrat-ExtraBoldd41d.eot]
[minasimoveis.com.br/webfonts/montserrat/Montserrat-ExtraBold.woff2]
[minasimoveis.com.br/webfonts/montserrat/Montserrat-ExtraBold.woff]
[minasimoveis.com.br/webfonts/montserrat/Montserrat-ExtraBold.ttf]
[minasimoveis.com.br/webfonts/montserrat/Montserrat-SemiBold.eot]
[minasimoveis.com.br/webfonts/montserrat/Montserrat-SemiBoldd41d.eot]
[minasimoveis.com.br/webfonts/montserrat/Montserrat-SemiBold.woff2]
[minasimoveis.com.br/webfonts/montserrat/Montserrat-SemiBold.woff]
[minasimoveis.com.br/webfonts/montserrat/Montserrat-SemiBold.ttf]
[minasimoveis.com.br/webfonts/montserrat/Montserrat-Medium.eot]
[minasimoveis.com.br/webfonts/montserrat/Montserrat-Mediumd41d.eot]
[minasimoveis.com.br/webfonts/montserrat/Montserrat-Medium.woff2]
[minasimoveis.com.br/webfonts/montserrat/Montserrat-Medium.woff]
[minasimoveis.com.br/webfonts/montserrat/Montserrat-Medium.ttf]
[minasimoveis.com.br/webfonts/montserrat/Montserrat-Regular.eot]
[minasimoveis.com.br/webfonts/montserrat/Montserrat-Regulard41d.eot]
[minasimoveis.com.br/webfonts/montserrat/Montserrat-Regular.woff2]
[minasimoveis.com.br/webfonts/montserrat/Montserrat-Regular.woff]
[minasimoveis.com.br/webfonts/montserrat/Montserrat-Regular.ttf]
[minasimoveis.com.br/webfonts/montserrat/Montserrat-ExtraLight.eot]
[minasimoveis.com.br/webfonts/montserrat/Montserrat-ExtraLightd41d.eot]
[minasimoveis.com.br/webfonts/montserrat/Montserrat-ExtraLight.woff2]
[minasimoveis.com.br/webfonts/montserrat/Montserrat-ExtraLight.woff]
[minasimoveis.com.br/webfonts/montserrat/Montserrat-ExtraLight.ttf]
[minasimoveis.com.br/webfonts/montserrat/Montserrat-Light.eot]
[minasimoveis.com.br/webfonts/montserrat/Montserrat-Lightd41d.eot]
[minasimoveis.com.br/webfonts/montserrat/Montserrat-Light.woff2]
[minasimoveis.com.br/webfonts/montserrat/Montserrat-Light.woff]
[minasimoveis.com.br/webfonts/montserrat/Montserrat-Light.ttf]
[minasimoveis.com.br/webfonts/montserrat/Montserrat-Thin.eot]
[minasimoveis.com.br/webfonts/montserrat/Montserrat-Thind41d.eot]
[minasimoveis.com.br/webfonts/montserrat/Montserrat-Thin.woff2]
[minasimoveis.com.br/webfonts/montserrat/Montserrat-Thin.woff]
[minasimoveis.com.br/webfonts/montserrat/Montserrat-Thin.ttf]
[minasimoveis.com.br/webfonts/montserrat/Montserrat-Black.eot]
[minasimoveis.com.br/webfonts/montserrat/Montserrat-Blackd41d.eot]
[minasimoveis.com.br/webfonts/montserrat/Montserrat-Black.woff2]
[minasimoveis.com.br/webfonts/montserrat/Montserrat-Black.woff]
[minasimoveis.com.br/webfonts/montserrat/Montserrat-Black.ttf]
[minasimoveis.com.br/webfonts/montserrat/Montserrat-Bold.eot]
[minasimoveis.com.br/webfonts/montserrat/Montserrat-Boldd41d.eot]
[minasimoveis.com.br/webfonts/montserrat/Montserrat-Bold.woff2]
[minasimoveis.com.br/webfonts/montserrat/Montserrat-Bold.woff]
[minasimoveis.com.br/webfonts/montserrat/Montserrat-Bold.ttf]
[minasimoveis.com.br/css/montserrat.css]
[minasimoveis.com.br/Content/fontawesome.min.css]
[minasimoveis.com.br/webfonts/fa-brands-400.eot]
[minasimoveis.com.br/webfonts/fa-brands-400d41d.eot]
[minasimoveis.com.br/webfonts/fa-brands-400.woff2]
[minasimoveis.com.br/webfonts/fa-brands-400.woff]
[minasimoveis.com.br/webfonts/fa-brands-400.ttf]
[minasimoveis.com.br/webfonts/fa-regular-400.eot]
[minasimoveis.com.br/webfonts/fa-regular-400d41d.eot]
[minasimoveis.com.br/webfonts/fa-regular-400.woff2]
[minasimoveis.com.br/webfonts/fa-regular-400.woff]
[minasimoveis.com.br/webfonts/fa-regular-400.ttf]
[minasimoveis.com.br/webfonts/fa-solid-900.eot]
[minasimoveis.com.br/webfonts/fa-solid-900d41d.eot]
[minasimoveis.com.br/webfonts/fa-solid-900.woff2]
[minasimoveis.com.br/webfonts/fa-solid-900.woff]
[minasimoveis.com.br/webfonts/fa-solid-900.ttf]
[minasimoveis.com.br/Content/all.css]
[minasimoveis.com.br/Content/toastr.css]
[minasimoveis.com.br/css/plugins/animate.css]
[minasimoveis.com.br/css/plugins/jquery-ui.min.css]
[minasimoveis.com.br/css/plugins/bootstrap-select.css]
[minasimoveis.com.br/css/plugins/meanmenu.min.css]
[minasimoveis.com.br/css/plugins/slick.css]
[minasimoveis.com.br/images/lightbx/close.png]
[minasimoveis.com.br/images/lightbx/loading.gif]
[minasimoveis.com.br/images/lightbx/prev.png]
[minasimoveis.com.br/images/lightbx/next.png]
[minasimoveis.com.br/css/plugins/lightbox.min.css]
[minasimoveis.com.br/css/plugins/jquery.mb.YTPlayer.min.css]
[minasimoveis.com.br/css/plugins/textanimate.css]
[minasimoveis.com.br/images/icons/down-arrow.png]
[minasimoveis.com.br/images/bg/1.jpg]
[minasimoveis.com.br/images/bg/2.jpg]
[minasimoveis.com.br/images/bg/3.jpg]
[minasimoveis.com.br/images/bg/4.jpg]
[minasimoveis.com.br/images/bg/6.jpg]
[minasimoveis.com.br/images/bg/7.jpg]
[minasimoveis.com.br/images/bg/8.jpg]
[minasimoveis.com.br/images/bg/9.jpg]
[minasimoveis.com.br/css/shortcode/default.css]
[minasimoveis.com.br/css/shortcode/header.css]
[minasimoveis.com.br/images/icons/grid.png]
[minasimoveis.com.br/css/shortcode/slider.css]
[minasimoveis.com.br/css/shortcode/footer.css]
[minasimoveis.com.br/css/color/skin-default.css]
[minasimoveis.com.br/ArquivosTemp/FotosThumb/imovel_1865_22636.jpg]
[cdn.imoview.com.br/minasimoveis/Imoveis/1506/imovel_1865_2262949cc.jpg]
[cdn.imoview.com.br/minasimoveis/Imoveis/1506/imovel_1865_2262649cc.jpg]
[cdn.imoview.com.br/minasimoveis/Imoveis/1506/imovel_1865_2263549cc.jpg]
[cdn.imoview.com.br/minasimoveis/Imoveis/1506/imovel_1865_2263749cc.jpg]
[cdn.imoview.com.br/minasimoveis/Imoveis/1506/imovel_1865_2262849cc.jpg]
[cdn.imoview.com.br/minasimoveis/Imoveis/1506/imovel_1865_2263049cc.jpg]
[cdn.imoview.com.br/minasimoveis/Imoveis/1506/imovel_1865_2263149cc.jpg]
[cdn.imoview.com.br/minasimoveis/Imoveis/1506/imovel_1865_2263249cc.jpg]
[cdn.imoview.com.br/minasimoveis/Imoveis/1506/imovel_1865_2263349cc.jpg]
[cdn.imoview.com.br/minasimoveis/Imoveis/1506/imovel_1865_2263449cc.jpg]
[cdn.imoview.com.br/minasimoveis/Imoveis/1506/imovel_1865_2263849cc.jpg]
[cdn.imoview.com.br/minasimoveis/Imoveis/1506/imovel_1865_2263949cc.jpg]
[cdn.imoview.com.br/minasimoveis/Imoveis/1506/imovel_1865_2264049cc.jpg]
[cdn.imoview.com.br/minasimoveis/Imoveis/1506/imovel_1865_2264149cc.jpg]
[minasimoveis.com.br/Detalhe/Imovel/1506.html]
[minasimoveis.com.br/ArquivosTemp/FotosThumb/i5sc7-whatsapp-image-2024-08-06-at-134926-11-1722963341.jpg]
[cdn.imoview.com.br/minasimoveis/Imoveis/2316/7ov08j-whatsapp-image-2024-08-06-at-134925-1722963341e683.jpg]
[cdn.imoview.com.br/minasimoveis/Imoveis/2316/ypib3-whatsapp-image-2024-08-06-at-134926-6-1722963341e683.jpg]
[cdn.imoview.com.br/minasimoveis/Imoveis/2316/ztcv3-whatsapp-image-2024-08-06-at-134925-12-1722963341e683.jpg]
[cdn.imoview.com.br/minasimoveis/Imoveis/2316/k1418-whatsapp-image-2024-08-06-at-134926-5-1722963341e683.jpg]
[cdn.imoview.com.br/minasimoveis/Imoveis/2316/dvuct-whatsapp-image-2024-08-06-at-134924-1722963341e683.jpg]
[cdn.imoview.com.br/minasimoveis/Imoveis/2316/0oh19-whatsapp-image-2024-08-06-at-134924-1-1722963341e683.jpg]
[cdn.imoview.com.br/minasimoveis/Imoveis/2316/96w0w-whatsapp-image-2024-08-06-at-134926-10-1722963341e683.jpg]
[cdn.imoview.com.br/minasimoveis/Imoveis/2316/e2ldg-whatsapp-image-2024-08-06-at-134925-3-1722963341e683.jpg]
[cdn.imoview.com.br/minasimoveis/Imoveis/2316/ayruq-whatsapp-image-2024-08-06-at-134925-11-1722963341e683.jpg]
[cdn.imoview.com.br/minasimoveis/Imoveis/2316/dqkf1k-whatsapp-image-2024-08-06-at-134925-1-1722963341e683.jpg]
[cdn.imoview.com.br/minasimoveis/Imoveis/2316/yx7kr-whatsapp-image-2024-08-06-at-134925-7-1722963341e683.jpg]
[cdn.imoview.com.br/minasimoveis/Imoveis/2316/hnvfe-whatsapp-image-2024-08-06-at-134925-6-1722963342e683.jpg]
[cdn.imoview.com.br/minasimoveis/Imoveis/2316/3vsw2-whatsapp-image-2024-08-06-at-134926-4-1722963342e683.jpg]
[cdn.imoview.com.br/minasimoveis/Imoveis/2316/tf54r-whatsapp-image-2024-08-06-at-134926-9-1722963342e683.jpg]
[cdn.imoview.com.br/minasimoveis/Imoveis/2316/6gvur-whatsapp-image-2024-08-06-at-134925-9-1722963342e683.jpg]
[cdn.imoview.com.br/minasimoveis/Imoveis/2316/jwvgg-whatsapp-image-2024-08-06-at-134925-5-1722963342e683.jpg]
[cdn.imoview.com.br/minasimoveis/Imoveis/2316/kevmq-whatsapp-image-2024-08-06-at-134926-8-1722963342e683.jpg]
[cdn.imoview.com.br/minasimoveis/Imoveis/2316/awip1h-whatsapp-image-2024-08-06-at-134926-1-1722963342e683.jpg]
[cdn.imoview.com.br/minasimoveis/Imoveis/2316/y4hbv-whatsapp-image-2024-08-06-at-134925-8-1722963342e683.jpg]
[cdn.imoview.com.br/minasimoveis/Imoveis/2316/15bhrh-whatsapp-image-2024-08-06-at-134925-10-1722963342e683.jpg]
[cdn.imoview.com.br/minasimoveis/Imoveis/2316/wvkx7i-whatsapp-image-2024-08-06-at-134925-2-1722963342e683.jpg]
[cdn.imoview.com.br/minasimoveis/Imoveis/2316/hcfob-whatsapp-image-2024-08-06-at-134926-12-1722963342e683.jpg]
[cdn.imoview.com.br/minasimoveis/Imoveis/2316/d1o2h-whatsapp-image-2024-08-06-at-134926-1722963342e683.jpg]
[cdn.imoview.com.br/minasimoveis/Imoveis/2316/07fqp-whatsapp-image-2024-08-06-at-134926-2-1722963342e683.jpg]
[cdn.imoview.com.br/minasimoveis/Imoveis/2316/46qzhi-whatsapp-image-2024-08-06-at-134924-3-1722963342e683.jpg]
[cdn.imoview.com.br/minasimoveis/Imoveis/2316/wdstt-whatsapp-image-2024-08-06-at-134924-2-1722963342e683.jpg]
[cdn.imoview.com.br/minasimoveis/Imoveis/2316/i4e8z-whatsapp-image-2024-08-06-at-134925-4-1722963342e683.jpg]
[cdn.imoview.com.br/minasimoveis/Imoveis/2316/43uwrg-whatsapp-image-2024-08-06-at-134926-3-1722963342e683.jpg]
[cdn.imoview.com.br/minasimoveis/Imoveis/2316/mpu7f-whatsapp-image-2024-08-06-at-134926-7-1722963342e683.jpg]
[minasimoveis.com.br/Detalhe/Imovel/2562.html]
[cdn.imoview.com.br/minasimoveis/Imoveis/2447/259d9d99-87eb-412b-ae2b-375578c1053e-17380045904ab5.jpg]
[minasimoveis.com.br/Detalhe/Imovel/3003.html]
[cdn.imoview.com.br/minasimoveis/Imoveis/2889/ac7b0142-ac1d-4e02-a41b-77ffd14e811f-173803385876b7.jpg]
[minasimoveis.com.br/Detalhe/Imovel/2810.html]
[cdn.imoview.com.br/minasimoveis/Imoveis/2472/f81e43a0-f59e-4aa3-8e65-126300c78d23-1738005155ddd2.jpg]
[minasimoveis.com.br/Detalhe/Imovel/3253.html]
[cdn.imoview.com.br/minasimoveis/Imoveis/3224/088ded47-9c03-4406-ac30-11bf539ea12d-17380548758aa7.jpg]
[minasimoveis.com.br/Detalhe/Imovel/2316.html]
[minasimoveis.com.br/Blog/Posts/Detalhe/6.html]
[minasimoveis.com.br/Blog/Posts/Detalhe/5.html]
[minasimoveis.com.br/Blog/Posts/Detalhe/4.html]
[minasimoveis.com.br/Blog/Posts/Detalhe/3.html]
[minasimoveis.com.br/Home.html]
[minasimoveis.com.br/Downloads.html]
[minasimoveis.com.br/Contato.html]
[minasimoveis.com.br/ArquivosTemp/FotosThumb/k2ff3-img25-1738255115.jpg]
[cdn.imoview.com.br/minasimoveis/Imoveis/3229/rrv4i-img237-1738255110a7c2.jpg]
[cdn.imoview.com.br/minasimoveis/Imoveis/3229/5wblc-img211-1738255110a7c2.jpg]
[cdn.imoview.com.br/minasimoveis/Imoveis/3229/op8tx-img207-1738255110a7c2.jpg]
[cdn.imoview.com.br/minasimoveis/Imoveis/3229/xufq9-img202-1738255111a7c2.jpg]
[cdn.imoview.com.br/minasimoveis/Imoveis/3229/p1d5rk-img198-1738255111a7c2.jpg]
[cdn.imoview.com.br/minasimoveis/Imoveis/3229/n5mv2-img118-1738255111a7c2.jpg]
[cdn.imoview.com.br/minasimoveis/Imoveis/3229/b6n6t-img107-1738255112a7c2.jpg]
[cdn.imoview.com.br/minasimoveis/Imoveis/3229/artzgl-img103-1738255112a7c2.jpg]
[cdn.imoview.com.br/minasimoveis/Imoveis/3229/yctkdl-img98-1738255112a7c2.jpg]
[cdn.imoview.com.br/minasimoveis/Imoveis/3229/wbq56-img86-1738255113a7c2.jpg]
[cdn.imoview.com.br/minasimoveis/Imoveis/3229/4q5i-img73-1738255113a7c2.jpg]
[cdn.imoview.com.br/minasimoveis/Imoveis/3229/2w6r7-img31-1738255113a7c2.jpg]
[cdn.imoview.com.br/minasimoveis/Imoveis/3229/dx7ui-img20-1738255114a7c2.jpg]
[cdn.imoview.com.br/minasimoveis/Imoveis/3229/a1xmg-img193-1738255114a7c2.jpg]
[cdn.imoview.com.br/minasimoveis/Imoveis/3229/qtwtp-img167-1738255114a7c2.jpg]
[cdn.imoview.com.br/minasimoveis/Imoveis/3229/3az7v-img162-1738255114a7c2.jpg]
[cdn.imoview.com.br/minasimoveis/Imoveis/3229/sv1py-img113-1738255115a7c2.jpg]
[cdn.imoview.com.br/minasimoveis/Imoveis/3229/d4nqa-img78-1738255115a7c2.jpg]
[minasimoveis.com.br/Detalhe/Imovel/3319.html]
[minasimoveis.com.br/detalhe/imovel/2412-2.html]
[minasimoveis.com.br/Detalhe/Imovel/3306.html]
[minasimoveis.com.br/ArquivosTemp/FotosThumb/0a0bace9-4f24-4f6a-958d-c7baaacf3931-1738044462.jpg]
[cdn.imoview.com.br/minasimoveis/Imoveis/3052/eda5d9e5-5f93-442b-bb2c-014445971a0c-17380444622b1f.jpg]
[cdn.imoview.com.br/minasimoveis/Imoveis/3052/c6ec3409-a8f1-4a86-9381-f4890cd79c7c-17380444632b1f.jpg]
[cdn.imoview.com.br/minasimoveis/Imoveis/3052/fbb79e5b-6a74-4a3a-9d24-e36ecdbedd8a-17380444632b1f.jpg]
[cdn.imoview.com.br/minasimoveis/Imoveis/3052/6082a171-77d3-4e40-a0ef-a1781cb781e6-17380444632b1f.jpg]
[cdn.imoview.com.br/minasimoveis/Imoveis/3052/c3cd4e1c-f364-496a-8570-2dd576bdd8cc-17380444632b1f.jpg]
[cdn.imoview.com.br/minasimoveis/Imoveis/3052/0350ca89-3352-4995-80b6-548a2234db2b-17380444642b1f.jpg]
[cdn.imoview.com.br/minasimoveis/Imoveis/3052/62589007-e19c-4503-8125-150ae6452360-17380444642b1f.jpg]
[cdn.imoview.com.br/minasimoveis/Imoveis/3052/6ca7e852-f2e9-43b9-8a69-026c401c2fe6-17380444642b1f.jpg]
[cdn.imoview.com.br/minasimoveis/Imoveis/3052/16669659-3e69-4ca8-a57a-ddf664a9247a-17380444642b1f.jpg]
[cdn.imoview.com.br/minasimoveis/Imoveis/3052/af5fea2a-d432-40f7-ba9b-5e41ba913a54-17380444652b1f.jpg]
[cdn.imoview.com.br/minasimoveis/Imoveis/3052/e8f116a6-cac1-4156-88ec-35772c2af4b2-17380444652b1f.jpg]
[minasimoveis.com.br/Detalhe/Imovel/3154.html]
[minasimoveis.com.br/ArquivosTemp/FotosThumb/339257ee-c14d-48c8-8653-3a1996080100-1738044140.jpg]
[cdn.imoview.com.br/minasimoveis/Imoveis/3035/e77817c5-e95c-4762-8d3f-9574409aec55-1738044141391d.jpg]
[cdn.imoview.com.br/minasimoveis/Imoveis/3035/21e77c07-a981-43b3-9da9-8326a1720400-1738044141391d.jpg]
[cdn.imoview.com.br/minasimoveis/Imoveis/3035/e3c4e801-0cf2-4320-a9c4-a200c3631734-1738044141391d.jpg]
[cdn.imoview.com.br/minasimoveis/Imoveis/3035/60fea81b-7825-427d-870f-04da6155d1f7-1738044141391d.jpg]
[cdn.imoview.com.br/minasimoveis/Imoveis/3035/35ed22c1-fee4-4406-8c94-909c962a502e-1738044142391d.jpg]
[cdn.imoview.com.br/minasimoveis/Imoveis/3035/514a42c0-4cf7-483a-8cf7-723ffe313eed-1738044142391d.jpg]
[cdn.imoview.com.br/minasimoveis/Imoveis/3035/79942c12-17e0-47f3-b3ed-2085ab3f7b2b-1738044142391d.jpg]
[cdn.imoview.com.br/minasimoveis/Imoveis/3035/123f9d7b-7a79-4577-aa68-b92589acbad1-1738044142391d.jpg]
[cdn.imoview.com.br/minasimoveis/Imoveis/3035/ca3e20c5-5b2e-487f-bd4b-f738dfc60f82-1738044143391d.jpg]
[cdn.imoview.com.br/minasimoveis/Imoveis/3035/6395f76a-5f99-465f-8887-50967986065d-1738044143391d.jpg]
[cdn.imoview.com.br/minasimoveis/Imoveis/3035/a0a5169c-fb7d-417a-af10-8bb0377b276b-1738044143391d.jpg]
[cdn.imoview.com.br/minasimoveis/Imoveis/3035/55b274dd-61c3-4854-8571-c20bc6c265a7-1738044143391d.jpg]
[cdn.imoview.com.br/minasimoveis/Imoveis/3035/5d9638de-a457-4295-a527-39091be62076-1738044144391d.jpg]
[cdn.imoview.com.br/minasimoveis/Imoveis/3035/bddc4a02-58ea-4b80-8082-f5db466e46cb-1738044144391d.jpg]
[cdn.imoview.com.br/minasimoveis/Imoveis/3035/83aaf3c9-916d-4ecc-adcd-6354591fbfbc-1738044144391d.jpg]
[cdn.imoview.com.br/minasimoveis/Imoveis/3035/10297804-a72e-4ecc-89cd-853212b4c41b-1738044145391d.jpg]
[minasimoveis.com.br/Detalhe/Imovel/3818.html]
[minasimoveis.com.br/Detalhe/Imovel/3059.html]
[minasimoveis.com.br/Detalhe/Imovel/3149.html]
[minasimoveis.com.br/Detalhe/Imovel/3150.html]
[minasimoveis.com.br/webfonts/fa-brands-400.svg]
[minasimoveis.com.br/webfonts/fa-regular-400.svg]
[minasimoveis.com.br/webfonts/fa-solid-900.svg]
[minasimoveis.com.br/ArquivosTemp/FotosThumb/259d9d99-87eb-412b-ae2b-375578c1053e-1738004590.jpg]
[cdn.imoview.com.br/minasimoveis/Imoveis/2447/ae98f6e3-6af7-477f-8481-010bb4345bc5-17380045904ab5.jpg]
[cdn.imoview.com.br/minasimoveis/Imoveis/2447/aa145998-07ca-4833-b71b-1b4d814a7352-17380045914ab5.jpg]
[cdn.imoview.com.br/minasimoveis/Imoveis/2447/b7b4fbe0-f897-4070-b93c-e4298266119e-17380045914ab5.jpg]
[cdn.imoview.com.br/minasimoveis/Imoveis/2447/23d3829a-092b-4ed9-bd1a-c60e9a0e4734-17380045914ab5.jpg]
[cdn.imoview.com.br/minasimoveis/Imoveis/2447/edb86e88-9361-4ca7-b9b4-aeabb514ed8d-17380045924ab5.jpg]
[cdn.imoview.com.br/minasimoveis/Imoveis/2447/b0c72d46-448a-436e-b32e-b77d5c64c9a9-17380045924ab5.jpg]
[cdn.imoview.com.br/minasimoveis/Imoveis/2447/442cf103-6fac-44ea-907d-f95dbae7016d-17380045924ab5.jpg]
[cdn.imoview.com.br/minasimoveis/Imoveis/2447/ab8bc684-df8c-4cfe-99e0-0b115ad4a67d-17380045934ab5.jpg]
[cdn.imoview.com.br/minasimoveis/Imoveis/2447/4dccab74-60d7-4bbf-8c6c-bedc03319b6c-17380045934ab5.jpg]
[cdn.imoview.com.br/minasimoveis/Imoveis/2447/ce237eaa-59c1-49ae-b0a2-c8c45b88d421-17380045934ab5.jpg]
[cdn.imoview.com.br/minasimoveis/Imoveis/2447/e19510d4-9724-4da7-b4ca-3d3cc794e298-17380045944ab5.jpg]
[cdn.imoview.com.br/minasimoveis/Imoveis/2447/09521d51-4169-4b7f-a835-f38816cd8474-17380045944ab5.jpg]
[cdn.imoview.com.br/minasimoveis/Imoveis/2447/6a0b370c-36d1-4931-bb89-697932aee97c-17380045954ab5.jpg]
[cdn.imoview.com.br/minasimoveis/Imoveis/2447/5e35a93e-8576-4340-b35a-e6f1b3539f87-17380045954ab5.jpg]
[cdn.imoview.com.br/minasimoveis/Imoveis/2447/fc60e74e-f46a-45f9-9136-c9b1e5bcc5b6-17380045954ab5.jpg]
[cdn.imoview.com.br/minasimoveis/Imoveis/2447/2749af50-2809-41ab-a8df-0a0788b5ce99-17380045964ab5.jpg]
[cdn.imoview.com.br/minasimoveis/Imoveis/2447/01f6489e-2167-4413-91e4-8b905222a324-17380045964ab5.jpg]
[cdn.imoview.com.br/minasimoveis/Imoveis/2447/bd6ef00e-a971-4cde-9403-a52fe270e18e-17380045964ab5.jpg]
[cdn.imoview.com.br/minasimoveis/Imoveis/2447/f4ae248b-9331-47e3-bec1-3def2f6cf1de-17380045974ab5.jpg]
[cdn.imoview.com.br/minasimoveis/Imoveis/2447/bdfea72d-ae67-40b5-aeb5-6ff7b2a4cc96-17380045974ab5.jpg]
[cdn.imoview.com.br/minasimoveis/Imoveis/2447/1839ed5d-ac7b-4520-bf8b-b82108dd55f9-17380045984ab5.jpg]
[cdn.imoview.com.br/minasimoveis/Imoveis/2447/65be5186-c4ef-4676-9510-d7d81ae39d7e-17380045984ab5.jpg]
[cdn.imoview.com.br/minasimoveis/Imoveis/2447/6e27bd46-1065-457a-aab4-8fc6d4020dff-17380045984ab5.jpg]
[cdn.imoview.com.br/minasimoveis/Imoveis/2447/14a0ef30-07fd-4e3b-89e2-4111ec10449e-17380045994ab5.jpg]
[cdn.imoview.com.br/minasimoveis/Imoveis/2447/75fe04b5-7f57-4ef3-ac05-1a7bf235e226-17380045994ab5.jpg]
[cdn.imoview.com.br/minasimoveis/Imoveis/2447/647fb107-ec41-4dfe-b661-7f0cd127b6cb-17380045994ab5.jpg]
[cdn.imoview.com.br/minasimoveis/Imoveis/2447/c19e1731-1400-4a63-ab28-341bb6b51111-17380046004ab5.jpg]
[cdn.imoview.com.br/minasimoveis/Imoveis/2447/8403d99e-e203-44d9-8f4e-ebabedb6a439-17380046004ab5.jpg]
[cdn.imoview.com.br/minasimoveis/Imoveis/2447/cf68c70b-b19a-49d7-85a5-28d10d5ec6d6-17380046004ab5.jpg]
[minasimoveis.com.br/Detalhe/Imovel/2562.html]
[minasimoveis.com.br/ArquivosTemp/FotosThumb/ac7b0142-ac1d-4e02-a41b-77ffd14e811f-1738033858.jpg]
[cdn.imoview.com.br/minasimoveis/Imoveis/2889/88eb2a25-79fe-4d00-8322-901d99ca7bdd-173803385876b7.jpg]
[cdn.imoview.com.br/minasimoveis/Imoveis/2889/171151cc-7002-4326-b5a6-6e6c0c555ac3-173803385976b7.jpg]
[cdn.imoview.com.br/minasimoveis/Imoveis/2889/0f9de666-39b2-42db-af49-9dbefca0bf3b-173803385976b7.jpg]
[cdn.imoview.com.br/minasimoveis/Imoveis/2889/c71430e5-d6c4-46b7-b278-57feb13623c6-173803385976b7.jpg]
[cdn.imoview.com.br/minasimoveis/Imoveis/2889/d1d9d184-7523-4499-a4b3-9a809b2864af-173803386076b7.jpg]
[cdn.imoview.com.br/minasimoveis/Imoveis/2889/65c31e48-f0ed-4860-9408-31267e00ad98-173803386076b7.jpg]
[cdn.imoview.com.br/minasimoveis/Imoveis/2889/0f934cd1-f7d2-428a-bd92-378fcf622e68-173803386076b7.jpg]
[cdn.imoview.com.br/minasimoveis/Imoveis/2889/a9d853a7-382d-49f3-a2c8-07563c515027-173803386076b7.jpg]
[cdn.imoview.com.br/minasimoveis/Imoveis/2889/48ba008e-544b-49c3-94c3-67563aeb525a-173803386176b7.jpg]
[cdn.imoview.com.br/minasimoveis/Imoveis/2889/869307fa-2f2d-4bbf-a9ba-852753fde6be-173803386176b7.jpg]
[cdn.imoview.com.br/minasimoveis/Imoveis/2889/509e069b-7214-4218-b283-395635bc4918-173803386176b7.jpg]
[cdn.imoview.com.br/minasimoveis/Imoveis/2889/2a80dcb3-6caa-44e0-a464-4b865d47641a-173803386276b7.jpg]
[cdn.imoview.com.br/minasimoveis/Imoveis/2889/b5e9784f-5ea1-43b8-b59e-b0f95bd9518b-173803386276b7.jpg]
[cdn.imoview.com.br/minasimoveis/Imoveis/2889/c4ae484c-6081-48e7-a273-62a7eaae4538-173803386276b7.jpg]
[cdn.imoview.com.br/minasimoveis/Imoveis/2889/9e24db48-ebec-4a2a-831f-8ebd92165cca-173803386376b7.jpg]
[cdn.imoview.com.br/minasimoveis/Imoveis/2889/c8c7596a-1de3-42a7-8c37-60513f401132-173803386376b7.jpg]
[cdn.imoview.com.br/minasimoveis/Imoveis/2889/abca71a2-1640-4e4a-9727-dc88ff169b59-173803386376b7.jpg]
[cdn.imoview.com.br/minasimoveis/Imoveis/2889/ab63fb07-cb42-49a4-87f6-de25da6722e4-173803386476b7.jpg]
[cdn.imoview.com.br/minasimoveis/Imoveis/2889/a89e2ce6-65c0-4129-a443-48385470f83b-173803386476b7.jpg]
[cdn.imoview.com.br/minasimoveis/Imoveis/2889/299c6226-a659-4903-bf76-b6838ccbad74-173803386476b7.jpg]
[cdn.imoview.com.br/minasimoveis/Imoveis/2889/bb855746-e850-47ea-8c59-35f35cfd0a6b-173803386576b7.jpg]
[minasimoveis.com.br/Detalhe/Imovel/1650.html]
[cdn.imoview.com.br/minasimoveis/Imoveis/1650/imovel_1936_24174778e.jpg]
[minasimoveis.com.br/Detalhe/Imovel/3831.html]
[cdn.imoview.com.br/minasimoveis/Imoveis/2442/978e07b1-b933-4770-862b-43f242b045af-1738004419f13d.jpg]
[minasimoveis.com.br/Detalhe/Imovel/3003.html]
[minasimoveis.com.br/ArquivosTemp/FotosThumb/f81e43a0-f59e-4aa3-8e65-126300c78d23-1738005155.jpg]
[cdn.imoview.com.br/minasimoveis/Imoveis/2472/a7a14d7f-96dc-4df2-8083-2b5bbb129747-1738005155ddd2.jpg]
[cdn.imoview.com.br/minasimoveis/Imoveis/2472/f6449df1-b518-4172-a1d7-09220000360f-1738005156ddd2.jpg]
[cdn.imoview.com.br/minasimoveis/Imoveis/2472/e585431e-fdbe-4f96-99ea-ed5ab03cfdbc-1738005156ddd2.jpg]
[cdn.imoview.com.br/minasimoveis/Imoveis/2472/28591656-f78c-43ce-9d34-e8856e11d34b-1738005157ddd2.jpg]
[cdn.imoview.com.br/minasimoveis/Imoveis/2472/502dd956-b238-4ba8-818c-ef81ae4e9d81-1738005157ddd2.jpg]
[cdn.imoview.com.br/minasimoveis/Imoveis/2472/397319bd-8877-40a6-abbb-5495f7ff50d5-1738005157ddd2.jpg]
[cdn.imoview.com.br/minasimoveis/Imoveis/2472/7a4fd2d3-93d5-475c-9509-6599d746b5bc-1738005158ddd2.jpg]
[cdn.imoview.com.br/minasimoveis/Imoveis/2472/31f61d37-77eb-468c-b4b4-0b653f3798a4-1738005158ddd2.jpg]
[cdn.imoview.com.br/minasimoveis/Imoveis/2472/dfa30a07-d2c0-4a05-871c-583a124d4f74-1738005159ddd2.jpg]
[cdn.imoview.com.br/minasimoveis/Imoveis/2472/1f5d5d6d-c15a-4a92-8038-61f23c3d229e-1738005159ddd2.jpg]
[cdn.imoview.com.br/minasimoveis/Imoveis/2472/6a8e950c-c22a-4b5e-8459-61437d8bca2f-1738005159ddd2.jpg]
[cdn.imoview.com.br/minasimoveis/Imoveis/2472/5a48bccd-acf6-4ed2-9fa9-87cb54ca6c20-1738005160ddd2.jpg]
[cdn.imoview.com.br/minasimoveis/Imoveis/2472/ec31bca7-3a73-4d3b-9b55-c9a3b69054b1-1738005160ddd2.jpg]
[minasimoveis.com.br/Detalhe/Imovel/2810.html]
[minasimoveis.com.br/ArquivosTemp/FotosThumb/088ded47-9c03-4406-ac30-11bf539ea12d-1738054875.jpg]
[cdn.imoview.com.br/minasimoveis/Imoveis/3224/8066637c-9e3e-4285-9f04-01853211b2db-17380548758aa7.jpg]
[cdn.imoview.com.br/minasimoveis/Imoveis/3224/7a2864c4-2c40-42fe-8414-bb63fa43eb03-17380548768aa7.jpg]
[cdn.imoview.com.br/minasimoveis/Imoveis/3224/d95eaac9-5e08-479c-9c83-a87448553961-17380548768aa7.jpg]
[cdn.imoview.com.br/minasimoveis/Imoveis/3224/6c5fda7b-f089-42d0-8571-70d270c4b481-17380548768aa7.jpg]
[cdn.imoview.com.br/minasimoveis/Imoveis/3224/dea8ceb2-293f-4ac3-aa2c-5209a78cb274-17380548778aa7.jpg]
[cdn.imoview.com.br/minasimoveis/Imoveis/3224/2cb8e1f2-3d9b-4cbd-8b88-1aea672b9759-17380548778aa7.jpg]
[cdn.imoview.com.br/minasimoveis/Imoveis/3224/a66a6415-52cc-45ff-abda-dd97d35eb0e4-17380548778aa7.jpg]
[cdn.imoview.com.br/minasimoveis/Imoveis/3224/976584d0-4ec4-42b0-9370-d4aba2d352fb-17380548778aa7.jpg]
[cdn.imoview.com.br/minasimoveis/Imoveis/3224/3411918b-6514-47e9-b200-02c8d511fbe0-17380548788aa7.jpg]
[cdn.imoview.com.br/minasimoveis/Imoveis/3224/e637ec05-b4d9-4aec-b52b-c5ec622632bf-17380548788aa7.jpg]
[cdn.imoview.com.br/minasimoveis/Imoveis/3224/21d692b8-dc89-4732-8d02-cf4bca632987-17380548788aa7.jpg]
[cdn.imoview.com.br/minasimoveis/Imoveis/3224/023f42a9-4128-4cc5-b468-491dc0543f76-17380548788aa7.jpg]
[cdn.imoview.com.br/minasimoveis/Imoveis/3224/a1c265c0-d479-4e0d-b728-79b0c58a2088-17380548798aa7.jpg]
[cdn.imoview.com.br/minasimoveis/Imoveis/3224/8ddf8923-8123-488e-988f-19bb98a04668-17380548798aa7.jpg]
[cdn.imoview.com.br/minasimoveis/Imoveis/3224/a273f63c-a295-40a2-b60e-23983e6f836f-17380548798aa7.jpg]
[cdn.imoview.com.br/minasimoveis/Imoveis/3224/5b8afd1b-b530-495a-9415-028e64650934-17380548808aa7.jpg]
[cdn.imoview.com.br/minasimoveis/Imoveis/3224/022730b3-847e-4429-8120-07305b35ab29-17380548808aa7.jpg]
[minasimoveis.com.br/Detalhe/Imovel/3253.html]
[minasimoveis.com.br/ArquivosTemp/FotosThumb/imovel_1936_24174.jpg]
[cdn.imoview.com.br/minasimoveis/Imoveis/1650/imovel_1936_24170778e.jpg]
[cdn.imoview.com.br/minasimoveis/Imoveis/1650/imovel_1936_24173778e.jpg]
[cdn.imoview.com.br/minasimoveis/Imoveis/1650/imovel_1936_24172778e.jpg]
[cdn.imoview.com.br/minasimoveis/Imoveis/1650/imovel_1936_24171778e.jpg]
[cdn.imoview.com.br/minasimoveis/Imoveis/1650/imovel_1936_24169778e.jpg]
[cdn.imoview.com.br/minasimoveis/Imoveis/1650/imovel_1936_24168778e.jpg]
[cdn.imoview.com.br/minasimoveis/Imoveis/1650/imovel_1936_24165778e.jpg]
[cdn.imoview.com.br/minasimoveis/Imoveis/1650/imovel_1936_24164778e.jpg]
[cdn.imoview.com.br/minasimoveis/Imoveis/1650/imovel_1936_24166778e.jpg]
[cdn.imoview.com.br/minasimoveis/Imoveis/1650/imovel_1936_24167778e.jpg]
[cdn.imoview.com.br/minasimoveis/Imoveis/1650/imovel_1936_24163778e.jpg]
[cdn.imoview.com.br/minasimoveis/Imoveis/1650/imovel_1936_24159778e.jpg]
[cdn.imoview.com.br/minasimoveis/Imoveis/1650/imovel_1936_24156778e.jpg]
[cdn.imoview.com.br/minasimoveis/Imoveis/1650/imovel_1936_24157778e.jpg]
[cdn.imoview.com.br/minasimoveis/Imoveis/1650/imovel_1936_24161778e.jpg]
[cdn.imoview.com.br/minasimoveis/Imoveis/1650/imovel_1936_24158778e.jpg]
[cdn.imoview.com.br/minasimoveis/Imoveis/1650/imovel_1936_24162778e.jpg]
[cdn.imoview.com.br/minasimoveis/Imoveis/1650/imovel_1936_24160778e.jpg]
[cdn.imoview.com.br/minasimoveis/Imoveis/1650/imovel_1936_24175778e.jpg]
[cdn.imoview.com.br/minasimoveis/Imoveis/1650/imovel_1936_24198778e.jpg]
[cdn.imoview.com.br/minasimoveis/Imoveis/1650/imovel_1936_24199778e.jpg]
[cdn.imoview.com.br/minasimoveis/Imoveis/1650/imovel_1936_24197778e.jpg]
[cdn.imoview.com.br/minasimoveis/Imoveis/1650/yf7qr-whatsapp-image-2024-09-23-at-143709-1727113495778e.jpg]
[cdn.imoview.com.br/minasimoveis/Imoveis/1650/iitixl-whatsapp-image-2024-09-23-at-143709-1-1727113495778e.jpg]
[cdn.imoview.com.br/minasimoveis/Imoveis/1650/f014q-whatsapp-image-2024-09-23-at-143711-1727113496778e.jpg]
[cdn.imoview.com.br/minasimoveis/Imoveis/1650/mmcyt-whatsapp-image-2024-09-23-at-143710-1-1727113497778e.jpg]
[cdn.imoview.com.br/minasimoveis/Imoveis/1650/jpl0ng-whatsapp-image-2024-09-23-at-143710-1727113496778e.jpg]
[minasimoveis.com.br/Detalhe/Imovel/1650.html]
[minasimoveis.com.br/ArquivosTemp/FotosThumb/978e07b1-b933-4770-862b-43f242b045af-1738004419.jpg]
[cdn.imoview.com.br/minasimoveis/Imoveis/2442/e6b52b22-f744-48d2-9cc9-aef8e907b048-1738004419f13d.jpg]
[cdn.imoview.com.br/minasimoveis/Imoveis/2442/265d4004-d05d-4e60-996c-d6d45ac98016-1738004420f13d.jpg]
[cdn.imoview.com.br/minasimoveis/Imoveis/2442/1d0ff24f-4c78-47eb-ab9f-3adeec4bda10-1738004420f13d.jpg]
[cdn.imoview.com.br/minasimoveis/Imoveis/2442/ef0d27b6-ac8d-455a-9a22-659a9c71bb7b-1738004420f13d.jpg]
[cdn.imoview.com.br/minasimoveis/Imoveis/2442/fd9246c8-c7f4-4387-89f9-74e7d4bb210a-1738004421f13d.jpg]
[cdn.imoview.com.br/minasimoveis/Imoveis/2442/edc1d81b-61c4-4ab0-a95b-0588f9517d67-1738004421f13d.jpg]
[cdn.imoview.com.br/minasimoveis/Imoveis/2442/5fe6d355-a75c-4bbe-9c76-2b29c01236a1-1738004422f13d.jpg]
[cdn.imoview.com.br/minasimoveis/Imoveis/2442/d6bc6b33-8129-4b5a-85e2-5d89c58db5f1-1738004422f13d.jpg]
[cdn.imoview.com.br/minasimoveis/Imoveis/2442/50cfa7ab-395b-42a2-a996-8239e473ef10-1738004422f13d.jpg]
[cdn.imoview.com.br/minasimoveis/Imoveis/2442/472fad15-7116-469c-9c58-2ad577afe19d-1738004423f13d.jpg]
[cdn.imoview.com.br/minasimoveis/Imoveis/2442/190298d4-607b-43f5-953d-8606ddcd4eda-1738004423f13d.jpg]
[cdn.imoview.com.br/minasimoveis/Imoveis/2442/a1f50daa-ea03-4fb1-9444-0c9f4b2b65a5-1738004424f13d.jpg]
[cdn.imoview.com.br/minasimoveis/Imoveis/2442/25b3fa0b-3b62-427b-bf57-7766e4f63baa-1738004424f13d.jpg]
[cdn.imoview.com.br/minasimoveis/Imoveis/2442/9e13eaf2-017e-435f-8567-51856efb7390-1738004424f13d.jpg]
[cdn.imoview.com.br/minasimoveis/Imoveis/2442/a822debb-4ba4-46fb-8cb1-2325d87ae1ba-1738004425f13d.jpg]
[cdn.imoview.com.br/minasimoveis/Imoveis/2442/2d45eac5-16f3-4fef-b087-ec849804fe13-1738004425f13d.jpg]
[cdn.imoview.com.br/minasimoveis/Imoveis/2442/e61018ba-3456-4267-8939-9a5c33ce107a-1738004426f13d.jpg]
[cdn.imoview.com.br/minasimoveis/Imoveis/2442/a6a7f921-83b7-4fd1-a619-60af37d68d87-1738004426f13d.jpg]
[cdn.imoview.com.br/minasimoveis/Imoveis/2442/7d54e32d-beac-4ff5-a161-b42898549cff-1738004427f13d.jpg]
[cdn.imoview.com.br/minasimoveis/Imoveis/2442/036e4635-82b0-4305-a04f-b3dca09ca702-1738004427f13d.jpg]
[cdn.imoview.com.br/minasimoveis/Imoveis/2442/f6576dae-7d19-43a2-af41-c333f1419592-1738004428f13d.jpg]
[cdn.imoview.com.br/minasimoveis/Imoveis/2442/8d796b1a-aadc-4c1a-baad-223c760c057a-1738004428f13d.jpg]
[cdn.imoview.com.br/minasimoveis/Imoveis/2442/a042ec56-6afa-4d2a-9fc3-c0a0ebd8140c-1738004429f13d.jpg]
[cdn.imoview.com.br/minasimoveis/Imoveis/2442/cb1eaacf-5c5b-4079-804c-bd9b578a4799-1738004430f13d.jpg]
[cdn.imoview.com.br/minasimoveis/Imoveis/2442/bd8df4d0-4508-4fc4-8fec-de3f874b2eae-1738004430f13d.jpg]
[minasimoveis.com.br/Detalhe/Imovel/3831.html]
